Read	.etc.adjtime nil
Return	true
Return	false
Return	false
Return	false
Return	false
Return	false
