Read	.etc.adjtime ["0", "0", "UTC"]
Return	true
Return	true
Return	false
Return	false
Return	false
Return	false
Return	false
Return	false
Return	false
