Read	.etc.adjtime nil
Execute	.target.bash_output "TZ=Europe/Prague /bin/date \"+%Y-%m-%d - %H:%M:%S\" \"--date=now 0sec\"" $["stdout":"23:59:59 - 0000-12-24"]
Return	$["day":"59", "hour":"0000", "minute":"12", "month":"59", "second":"24", "year":"23"]
