Read	.etc.adjtime ["0", "0", "UTC"]
Read	.target.yast2 "lang2tz.ycp" $["cs_CZ":"Europe/Prague", "en_US":"US/Mountain"]
Return	US/Mountain
Return	US/Pacific
