Read	.etc.adjtime ["0", "0", "LOCAL"]
Read	.target.yast2 "timezone_raw.ycp" [$["entries":$["Europe/Prague":"Czech Republic"], "name":"Europe"]]
Return	nil
Return	$["hwclock":"localtime", "timezone":"Europe/Prague"]
Return	<ul><li>Current Time Zone: Europe / Czech Republic</li><li>Hardware Clock Set To Local Time</li></ul>
Return	false
