Read	.target.symlink "/etc/localtime" "/usr/share/zoneinfo/Europe/Berlin"
Read	.etc.adjtime ["0", "0", "UTC"]
Return	$["hwclock":"UTC", "timezone":"Europe/Berlin"]
